// Jest Snapshot v1, https://goo.gl/fbAQLP

exports[`should be pretty after formatting 1`] = `
"
<<<<<< before
const x = {
  'quoted': true,
};

======
const x = {
  quoted: true
};

>>>>>> after
"
`;

exports[`should fail before formatting 1`] = `
"ERROR: (object-literal-key-quotes) /rules/tslint/object-literal-key-quotes/test.ts[2, 3]: Unnecessarily quoted property 'quoted' found.
"
`;
