// Jest Snapshot v1, https://goo.gl/fbAQLP

exports[`should be pretty after formatting 1`] = `
"
<<<<<< before
const badMultiline = <div
    className=\\"my-class\\"
    tabIndex={-1}
>
    {children}
</div>;

======
const badMultiline = (
  <div className=\\"my-class\\" tabIndex={-1}>
    {children}
  </div>
);

>>>>>> after
"
`;

exports[`should fail before formatting 1`] = `
"ERROR: (jsx-wrap-multiline) /rules/tslint-react/jsx-wrap-multiline/test.tsx[1, 22]: Multiline JSX elements must be wrapped in parentheses
"
`;
