// Jest Snapshot v1, https://goo.gl/fbAQLP

exports[`should be pretty after formatting 1`] = `
"
<<<<<< before
export default function () {}

======
export default function() {}

>>>>>> after
"
`;

exports[`should fail before formatting 1`] = `
"ERROR: (space-before-function-paren) /rules/tslint/space-before-function-paren/test.ts[1, 24]: Spaces before function parens are disallowed
"
`;
