// Jest Snapshot v1, https://goo.gl/fbAQLP

exports[`should be pretty after formatting 1`] = `
"
<<<<<< before
[].map((x) => 1);

======
[].map(x => 1);

>>>>>> after
"
`;

exports[`should fail before formatting 1`] = `
"ERROR: (arrow-parens) /rules/tslint/arrow-parens/test.ts[1, 9]: Parentheses are prohibited around the parameter in this single parameter arrow function
"
`;
