// Jest Snapshot v1, https://goo.gl/fbAQLP

exports[`should be pretty after formatting 1`] = `
"
<<<<<< before
import*as ts from \\"typescript\\";

======
import * as ts from \\"typescript\\";

>>>>>> after
"
`;

exports[`should fail before formatting 1`] = `
"ERROR: (import-spacing) /rules/tslint/import-spacing/test.ts[1, 1]: Add space after 'import'
ERROR: (import-spacing) /rules/tslint/import-spacing/test.ts[1, 7]: Add space after '*'
"
`;
