// Jest Snapshot v1, https://goo.gl/fbAQLP

exports[`should be pretty after formatting 1`] = `
"
<<<<<< before
if (foo) {
  bar();
}
else {
  baz();
}

======
if (foo) {
  bar();
} else {
  baz();
}

>>>>>> after
"
`;

exports[`should fail before formatting 1`] = `
"ERROR: (brace-style) /rules/tslint-eslint-rules/brace-style/test.ts[4, 1]: Opening curly brace does not appear on the same line as controlling statement.
"
`;
