// Jest Snapshot v1, https://goo.gl/fbAQLP

exports[`should affect error message after formatting 1`] = `
"
<<<<<< before
ERROR: (no-irregular-whitespace) /rules/tslint/no-irregular-whitespace/test.ts[1, 5]: Irregular whitespace not allowed

======
no error

>>>>>> after
"
`;

exports[`should be pretty after formatting 1`] = `
"
<<<<<< before
let ã€€ abc;

======
let abc;

>>>>>> after
"
`;
