// Jest Snapshot v1, https://goo.gl/fbAQLP

exports[`should be pretty after formatting 1`] = `
"
<<<<<< before
console.log(\\"no-eof\\");
======
console.log(\\"no-eof\\");

>>>>>> after
"
`;

exports[`should fail before formatting 1`] = `
"ERROR: (eofline) /rules/tslint/eofline/test.ts[1, 23]: file should end with a newline
"
`;
