// Jest Snapshot v1, https://goo.gl/fbAQLP

exports[`should be pretty after formatting 1`] = `
"
<<<<<<< before
export function test(a: number,
  b: number) {}

=======
export function test(a: number, b: number) {}

>>>>>>> after
"
`;

exports[`should fail before formatting 1`] = `
"ERROR: (align) /rules/tslint/align/test.ts[2, 3]: parameters are not aligned
"
`;
