// Jest Snapshot v1, https://goo.gl/fbAQLP

exports[`should be pretty after formatting 1`] = `
"
<<<<<< before
let ã€€ abc;

======
let abc;

>>>>>> after
"
`;

exports[`should fail before formatting 1`] = `
"ERROR: (ter-no-irregular-whitespace) /rules/tslint-eslint-rules/ter-no-irregular-whitespace/test.ts[1, 5]: irregular whitespace not allowed
"
`;
